// Jest Snapshot v1, https://goo.gl/fbAQLP

exports[`matches snapshot 1`] = `
<div
  className="col calculator-operators"
  data-testid="operator*"
  onClick={[Function]}
>
  <p
    className="operators-caption"
  >
    x
  </p>
</div>
`;
