// Jest Snapshot v1, https://goo.gl/fbAQLP

exports[`matches snapshot 1`] = `
<div
  className="col calculator-numbers"
  data-testid="operator="
  onClick={[Function]}
>
  <p
    className="calculator-appenders"
  >
    =
  </p>
</div>
`;
